Archive member included to satisfy reference by file (symbol)

Drivers\STM32F4xx_HAL_Driver\libstm32f4xx_hal.a(stm32f4xx_hal_uart.c.obj)
                              CMakeFiles/DEMO.elf.dir/Core/Src/usart.c.obj (HAL_UART_Init)
Drivers\STM32F4xx_HAL_Driver\libstm32f4xx_hal.a(stm32f4xx_hal_rcc.c.obj)
                              CMakeFiles/DEMO.elf.dir/Core/Src/main.c.obj (HAL_RCC_OscConfig)
Drivers\STM32F4xx_HAL_Driver\libstm32f4xx_hal.a(stm32f4xx_hal_gpio.c.obj)
                              CMakeFiles/DEMO.elf.dir/Core/Src/usart.c.obj (HAL_GPIO_Init)
Drivers\STM32F4xx_HAL_Driver\libstm32f4xx_hal.a(stm32f4xx_hal_dma.c.obj)
                              Drivers\STM32F4xx_HAL_Driver\libstm32f4xx_hal.a(stm32f4xx_hal_uart.c.obj) (HAL_DMA_Start_IT)
Drivers\STM32F4xx_HAL_Driver\libstm32f4xx_hal.a(stm32f4xx_hal.c.obj)
                              Drivers\STM32F4xx_HAL_Driver\libstm32f4xx_hal.a(stm32f4xx_hal_rcc.c.obj) (uwTickPrio)
Drivers\STM32F4xx_HAL_Driver\libstm32f4xx_hal.a(stm32f4xx_hal_cortex.c.obj)
                              Drivers\STM32F4xx_HAL_Driver\libstm32f4xx_hal.a(stm32f4xx_hal.c.obj) (HAL_NVIC_SetPriorityGrouping)
c:/progra~2/gnuarm~1/102021~1.07/bin/../lib/gcc/arm-none-eabi/10.3.1/../../../../arm-none-eabi/lib/thumb/v7e-m+fp/hard\libc_nano.a(lib_a-exit.o)
                              c:/progra~2/gnuarm~1/102021~1.07/bin/../lib/gcc/arm-none-eabi/10.3.1/../../../../arm-none-eabi/lib/thumb/v7e-m+fp/hard/crt0.o (exit)
c:/progra~2/gnuarm~1/102021~1.07/bin/../lib/gcc/arm-none-eabi/10.3.1/../../../../arm-none-eabi/lib/thumb/v7e-m+fp/hard\libc_nano.a(lib_a-impure.o)
                              c:/progra~2/gnuarm~1/102021~1.07/bin/../lib/gcc/arm-none-eabi/10.3.1/../../../../arm-none-eabi/lib/thumb/v7e-m+fp/hard\libc_nano.a(lib_a-exit.o) (_global_impure_ptr)
c:/progra~2/gnuarm~1/102021~1.07/bin/../lib/gcc/arm-none-eabi/10.3.1/../../../../arm-none-eabi/lib/thumb/v7e-m+fp/hard\libc_nano.a(lib_a-init.o)
                              c:/progra~2/gnuarm~1/102021~1.07/bin/../lib/gcc/arm-none-eabi/10.3.1/../../../../arm-none-eabi/lib/thumb/v7e-m+fp/hard/crt0.o (__libc_init_array)
c:/progra~2/gnuarm~1/102021~1.07/bin/../lib/gcc/arm-none-eabi/10.3.1/../../../../arm-none-eabi/lib/thumb/v7e-m+fp/hard\libc_nano.a(lib_a-memset.o)
                              c:/progra~2/gnuarm~1/102021~1.07/bin/../lib/gcc/arm-none-eabi/10.3.1/../../../../arm-none-eabi/lib/thumb/v7e-m+fp/hard/crt0.o (memset)
c:/progra~2/gnuarm~1/102021~1.07/bin/../lib/gcc/arm-none-eabi/10.3.1/../../../../arm-none-eabi/lib/thumb/v7e-m+fp/hard\libnosys.a(_exit.o)
                              c:/progra~2/gnuarm~1/102021~1.07/bin/../lib/gcc/arm-none-eabi/10.3.1/../../../../arm-none-eabi/lib/thumb/v7e-m+fp/hard\libc_nano.a(lib_a-exit.o) (_exit)
c:/progra~2/gnuarm~1/102021~1.07/bin/../lib/gcc/arm-none-eabi/10.3.1/thumb/v7e-m+fp/hard\libgcc.a(_aeabi_uldivmod.o)
                              Drivers\STM32F4xx_HAL_Driver\libstm32f4xx_hal.a(stm32f4xx_hal_uart.c.obj) (__aeabi_uldivmod)
c:/progra~2/gnuarm~1/102021~1.07/bin/../lib/gcc/arm-none-eabi/10.3.1/thumb/v7e-m+fp/hard\libgcc.a(_udivmoddi4.o)
                              c:/progra~2/gnuarm~1/102021~1.07/bin/../lib/gcc/arm-none-eabi/10.3.1/thumb/v7e-m+fp/hard\libgcc.a(_aeabi_uldivmod.o) (__udivmoddi4)
c:/progra~2/gnuarm~1/102021~1.07/bin/../lib/gcc/arm-none-eabi/10.3.1/thumb/v7e-m+fp/hard\libgcc.a(_dvmd_tls.o)
                              c:/progra~2/gnuarm~1/102021~1.07/bin/../lib/gcc/arm-none-eabi/10.3.1/thumb/v7e-m+fp/hard\libgcc.a(_aeabi_uldivmod.o) (__aeabi_ldiv0)

Discarded input sections

 .text          0x00000000        0x0 c:/progra~2/gnuarm~1/102021~1.07/bin/../lib/gcc/arm-none-eabi/10.3.1/thumb/v7e-m+fp/hard/crti.o
 .data          0x00000000        0x0 c:/progra~2/gnuarm~1/102021~1.07/bin/../lib/gcc/arm-none-eabi/10.3.1/thumb/v7e-m+fp/hard/crti.o
 .bss           0x00000000        0x0 c:/progra~2/gnuarm~1/102021~1.07/bin/../lib/gcc/arm-none-eabi/10.3.1/thumb/v7e-m+fp/hard/crti.o
 .data          0x00000000        0x4 c:/progra~2/gnuarm~1/102021~1.07/bin/../lib/gcc/arm-none-eabi/10.3.1/thumb/v7e-m+fp/hard/crtbegin.o
 .rodata        0x00000000       0x24 c:/progra~2/gnuarm~1/102021~1.07/bin/../lib/gcc/arm-none-eabi/10.3.1/thumb/v7e-m+fp/hard/crtbegin.o
 .text          0x00000000       0x7c c:/progra~2/gnuarm~1/102021~1.07/bin/../lib/gcc/arm-none-eabi/10.3.1/../../../../arm-none-eabi/lib/thumb/v7e-m+fp/hard/crt0.o
 .data          0x00000000        0x0 c:/progra~2/gnuarm~1/102021~1.07/bin/../lib/gcc/arm-none-eabi/10.3.1/../../../../arm-none-eabi/lib/thumb/v7e-m+fp/hard/crt0.o
 .bss           0x00000000        0x0 c:/progra~2/gnuarm~1/102021~1.07/bin/../lib/gcc/arm-none-eabi/10.3.1/../../../../arm-none-eabi/lib/thumb/v7e-m+fp/hard/crt0.o
 .ARM.extab     0x00000000        0x0 c:/progra~2/gnuarm~1/102021~1.07/bin/../lib/gcc/arm-none-eabi/10.3.1/../../../../arm-none-eabi/lib/thumb/v7e-m+fp/hard/crt0.o
[...]
Memory Configuration

Name             Origin             Length             Attributes
RAM              0x20000000         0x00020000         xrw
CCMRAM           0x10000000         0x00010000         xrw
FLASH            0x08000000         0x00080000         xr
*default*        0x00000000         0xffffffff

Linker script and memory map

LOAD c:/progra~2/gnuarm~1/102021~1.07/bin/../lib/gcc/arm-none-eabi/10.3.1/thumb/v7e-m+fp/hard/crti.o
LOAD c:/progra~2/gnuarm~1/102021~1.07/bin/../lib/gcc/arm-none-eabi/10.3.1/thumb/v7e-m+fp/hard/crtbegin.o
LOAD c:/progra~2/gnuarm~1/102021~1.07/bin/../lib/gcc/arm-none-eabi/10.3.1/../../../../arm-none-eabi/lib/thumb/v7e-m+fp/hard/crt0.o
LOAD CMakeFiles/DEMO.elf.dir/Core/Src/gpio.c.obj
LOAD CMakeFiles/DEMO.elf.dir/Core/Src/main.c.obj
LOAD CMakeFiles/DEMO.elf.dir/Core/Src/stm32f4xx_it.c.obj
LOAD CMakeFiles/DEMO.elf.dir/Core/Src/usart.c.obj
LOAD CMakeFiles/DEMO.elf.dir/Core/Src/system_stm32f4xx.c.obj
LOAD CMakeFiles/DEMO.elf.dir/Core/Src/stm32f4xx_hal_msp.c.obj
LOAD CMakeFiles/DEMO.elf.dir/startup_stm32f407xx.s.obj
LOAD Drivers\STM32F4xx_HAL_Driver\libstm32f4xx_hal.a
LOAD c:/progra~2/gnuarm~1/102021~1.07/bin/../lib/gcc/arm-none-eabi/10.3.1/../../../../arm-none-eabi/lib/thumb/v7e-m+fp/hard\libc_nano.a
LOAD c:/progra~2/gnuarm~1/102021~1.07/bin/../lib/gcc/arm-none-eabi/10.3.1/../../../../arm-none-eabi/lib/thumb/v7e-m+fp/hard\libm.a
LOAD c:/progra~2/gnuarm~1/102021~1.07/bin/../lib/gcc/arm-none-eabi/10.3.1/../../../../arm-none-eabi/lib/thumb/v7e-m+fp/hard\libnosys.a
START GROUP
LOAD c:/progra~2/gnuarm~1/102021~1.07/bin/../lib/gcc/arm-none-eabi/10.3.1/thumb/v7e-m+fp/hard\libgcc.a
LOAD c:/progra~2/gnuarm~1/102021~1.07/bin/../lib/gcc/arm-none-eabi/10.3.1/../../../../arm-none-eabi/lib/thumb/v7e-m+fp/hard\libc_nano.a
END GROUP
START GROUP
LOAD c:/progra~2/gnuarm~1/102021~1.07/bin/../lib/gcc/arm-none-eabi/10.3.1/thumb/v7e-m+fp/hard\libgcc.a
LOAD c:/progra~2/gnuarm~1/102021~1.07/bin/../lib/gcc/arm-none-eabi/10.3.1/../../../../arm-none-eabi/lib/thumb/v7e-m+fp/hard\libc_nano.a
LOAD c:/progra~2/gnuarm~1/102021~1.07/bin/../lib/gcc/arm-none-eabi/10.3.1/../../../../arm-none-eabi/lib/thumb/v7e-m+fp/hard\libnosys.a
END GROUP
START GROUP
LOAD c:/progra~2/gnuarm~1/102021~1.07/bin/../lib/gcc/arm-none-eabi/10.3.1/thumb/v7e-m+fp/hard\libgcc.a
LOAD c:/progra~2/gnuarm~1/102021~1.07/bin/../lib/gcc/arm-none-eabi/10.3.1/../../../../arm-none-eabi/lib/thumb/v7e-m+fp/hard\libc_nano.a
LOAD c:/progra~2/gnuarm~1/102021~1.07/bin/../lib/gcc/arm-none-eabi/10.3.1/../../../../arm-none-eabi/lib/thumb/v7e-m+fp/hard\libnosys.a
END GROUP
LOAD c:/progra~2/gnuarm~1/102021~1.07/bin/../lib/gcc/arm-none-eabi/10.3.1/thumb/v7e-m+fp/hard/crtend.o
LOAD c:/progra~2/gnuarm~1/102021~1.07/bin/../lib/gcc/arm-none-eabi/10.3.1/thumb/v7e-m+fp/hard/crtn.o
                0x20020000                _estack = 0x20020000
                0x00000200                _Min_Heap_Size = 0x200
                0x00000400                _Min_Stack_Size = 0x400

.isr_vector     0x08000000      0x188
                0x08000000                . = ALIGN (0x4)
 *(.isr_vector)
 .isr_vector    0x08000000      0x188 CMakeFiles/DEMO.elf.dir/startup_stm32f407xx.s.obj
                0x08000000                g_pfnVectors
                0x08000188                . = ALIGN (0x4)

.text           0x08000188     0x1b14
                0x08000188                . = ALIGN (0x4)
 *(.text)
 .text          0x08000188       0x40 c:/progra~2/gnuarm~1/102021~1.07/bin/../lib/gcc/arm-none-eabi/10.3.1/thumb/v7e-m+fp/hard/crtbegin.o
 .text          0x080001c8       0x30 c:/progra~2/gnuarm~1/102021~1.07/bin/../lib/gcc/arm-none-eabi/10.3.1/thumb/v7e-m+fp/hard\libgcc.a(_aeabi_uldivmod.o)
                0x080001c8                __aeabi_uldivmod
 .text          0x080001f8      0x2d0 c:/progra~2/gnuarm~1/102021~1.07/bin/../lib/gcc/arm-none-eabi/10.3.1/thumb/v7e-m+fp/hard\libgcc.a(_udivmoddi4.o)
                0x080001f8                __udivmoddi4
 .text          0x080004c8        0x4 c:/progra~2/gnuarm~1/102021~1.07/bin/../lib/gcc/arm-none-eabi/10.3.1/thumb/v7e-m+fp/hard\libgcc.a(_dvmd_tls.o)
                0x080004c8                __aeabi_idiv0
                0x080004c8                __aeabi_ldiv0
 *(.text*)
 .text.MX_GPIO_Init
                0x080004cc       0x50 CMakeFiles/DEMO.elf.dir/Core/Src/gpio.c.obj
                0x080004cc                MX_GPIO_Init
 .text.main     0x0800051c       0x16 CMakeFiles/DEMO.elf.dir/Core/Src/main.c.obj
                0x0800051c                main
 *fill*         0x08000532        0x2 
 .text.SystemClock_Config
                0x08000534       0xd4 CMakeFiles/DEMO.elf.dir/Core/Src/main.c.obj
                0x08000534                SystemClock_Config
 .text.Error_Handler
                0x08000608        0xa CMakeFiles/DEMO.elf.dir/Core/Src/main.c.obj
                0x08000608                Error_Handler
 .text.NMI_Handler
                0x08000612        0x6 CMakeFiles/DEMO.elf.dir/Core/Src/stm32f4xx_it.c.obj
                0x08000612                NMI_Handler
 .text.HardFault_Handler
                0x08000618        0x6 CMakeFiles/DEMO.elf.dir/Core/Src/stm32f4xx_it.c.obj
                0x08000618                HardFault_Handler
 .text.MemManage_Handler
                0x0800061e        0x6 CMakeFiles/DEMO.elf.dir/Core/Src/stm32f4xx_it.c.obj
                0x0800061e                MemManage_Handler
 .text.BusFault_Handler
                0x08000624        0x6 CMakeFiles/DEMO.elf.dir/Core/Src/stm32f4xx_it.c.obj
                0x08000624                BusFault_Handler
 .text.UsageFault_Handler
                0x0800062a        0x6 CMakeFiles/DEMO.elf.dir/Core/Src/stm32f4xx_it.c.obj
                0x0800062a                UsageFault_Handler
 .text.SVC_Handler
                0x08000630        0xe CMakeFiles/DEMO.elf.dir/Core/Src/stm32f4xx_it.c.obj
                0x08000630                SVC_Handler
 .text.DebugMon_Handler
                0x0800063e        0xe CMakeFiles/DEMO.elf.dir/Core/Src/stm32f4xx_it.c.obj
                0x0800063e                DebugMon_Handler
 .text.PendSV_Handler
                0x0800064c        0xe CMakeFiles/DEMO.elf.dir/Core/Src/stm32f4xx_it.c.obj
                0x0800064c                PendSV_Handler
 .text.SysTick_Handler
                0x0800065a        0xc CMakeFiles/DEMO.elf.dir/Core/Src/stm32f4xx_it.c.obj
                0x0800065a                SysTick_Handler
 *fill*         0x08000666        0x2 
 .text.MX_USART1_UART_Init
                0x08000668       0x54 CMakeFiles/DEMO.elf.dir/Core/Src/usart.c.obj
                0x08000668                MX_USART1_UART_Init
 .text.HAL_UART_MspInit
                0x080006bc       0x90 CMakeFiles/DEMO.elf.dir/Core/Src/usart.c.obj
                0x080006bc                HAL_UART_MspInit
 .text.SystemInit
                0x0800074c       0x24 CMakeFiles/DEMO.elf.dir/Core/Src/system_stm32f4xx.c.obj
                0x0800074c                SystemInit
 .text.HAL_MspInit
                0x08000770       0x50 CMakeFiles/DEMO.elf.dir/Core/Src/stm32f4xx_hal_msp.c.obj
                0x08000770                HAL_MspInit
 .text.Reset_Handler
                0x080007c0       0x50 CMakeFiles/DEMO.elf.dir/startup_stm32f407xx.s.obj
                0x080007c0                Reset_Handler
 .text.Default_Handler
                0x08000810        0x2 CMakeFiles/DEMO.elf.dir/startup_stm32f407xx.s.obj
                0x08000810                RTC_Alarm_IRQHandler
                0x08000810                HASH_RNG_IRQHandler
                0x08000810                EXTI2_IRQHandler
                0x08000810                TIM8_CC_IRQHandler
                0x08000810                TIM1_CC_IRQHandler
                0x08000810                DMA2_Stream5_IRQHandler
                0x08000810                DMA1_Stream5_IRQHandler
                0x08000810                PVD_IRQHandler
                0x08000810                SDIO_IRQHandler
                0x08000810                TAMP_STAMP_IRQHandler
                0x08000810                CAN2_RX1_IRQHandler
                0x08000810                EXTI3_IRQHandler
                0x08000810                TIM8_TRG_COM_TIM14_IRQHandler
                0x08000810                TIM1_UP_TIM10_IRQHandler
                0x08000810                TIM8_UP_TIM13_IRQHandler
                0x08000810                I2C3_ER_IRQHandler
                0x08000810                EXTI0_IRQHandler
                0x08000810                I2C2_EV_IRQHandler
                0x08000810                DMA1_Stream2_IRQHandler
                0x08000810                CAN1_RX0_IRQHandler
                0x08000810                FPU_IRQHandler
                0x08000810                OTG_HS_WKUP_IRQHandler
                0x08000810                CAN2_SCE_IRQHandler
                0x08000810                DMA2_Stream2_IRQHandler
                0x08000810                SPI1_IRQHandler
                0x08000810                TIM6_DAC_IRQHandler
                0x08000810                TIM1_BRK_TIM9_IRQHandler
                0x08000810                DCMI_IRQHandler
                0x08000810                CAN2_RX0_IRQHandler
                0x08000810                DMA2_Stream3_IRQHandler
                0x08000810                USART6_IRQHandler
                0x08000810                USART3_IRQHandler
                0x08000810                CAN1_RX1_IRQHandler
                0x08000810                UART5_IRQHandler
                0x08000810                DMA2_Stream0_IRQHandler
                0x08000810                TIM4_IRQHandler
                0x08000810                I2C1_EV_IRQHandler
                0x08000810                DMA1_Stream6_IRQHandler
                0x08000810                DMA1_Stream1_IRQHandler
                0x08000810                UART4_IRQHandler
                0x08000810                TIM3_IRQHandler
                0x08000810                RCC_IRQHandler
                0x08000810                TIM8_BRK_TIM12_IRQHandler
                0x08000810                Default_Handler
                0x08000810                EXTI15_10_IRQHandler
                0x08000810                ADC_IRQHandler
                0x08000810                DMA1_Stream7_IRQHandler
                0x08000810                TIM7_IRQHandler
                0x08000810                CAN2_TX_IRQHandler
                0x08000810                TIM5_IRQHandler
                0x08000810                DMA2_Stream7_IRQHandler
                0x08000810                I2C3_EV_IRQHandler
                0x08000810                EXTI9_5_IRQHandler
                0x08000810                RTC_WKUP_IRQHandler
                0x08000810                ETH_WKUP_IRQHandler
                0x08000810                SPI2_IRQHandler
                0x08000810                OTG_HS_EP1_IN_IRQHandler
                0x08000810                DMA1_Stream0_IRQHandler
                0x08000810                CAN1_TX_IRQHandler
                0x08000810                EXTI4_IRQHandler
                0x08000810                FSMC_IRQHandler
                0x08000810                ETH_IRQHandler
                0x08000810                OTG_HS_EP1_OUT_IRQHandler
                0x08000810                WWDG_IRQHandler
                0x08000810                TIM2_IRQHandler
                0x08000810                OTG_FS_WKUP_IRQHandler
                0x08000810                TIM1_TRG_COM_TIM11_IRQHandler
                0x08000810                OTG_HS_IRQHandler
                0x08000810                EXTI1_IRQHandler
                0x08000810                USART2_IRQHandler
                0x08000810                I2C2_ER_IRQHandler
                0x08000810                DMA2_Stream1_IRQHandler
                0x08000810                CAN1_SCE_IRQHandler
                0x08000810                FLASH_IRQHandler
                0x08000810                DMA2_Stream4_IRQHandler
                0x08000810                USART1_IRQHandler
                0x08000810                OTG_FS_IRQHandler
                0x08000810                SPI3_IRQHandler
                0x08000810                DMA1_Stream4_IRQHandler
                0x08000810                I2C1_ER_IRQHandler
                0x08000810                DMA2_Stream6_IRQHandler
                0x08000810                DMA1_Stream3_IRQHandler
 .text.HAL_UART_Init
                0x08000812       0x9a Drivers\STM32F4xx_HAL_Driver\libstm32f4xx_hal.a(stm32f4xx_hal_uart.c.obj)
                0x08000812                HAL_UART_Init
 .text.UART_SetConfig
                0x080008ac      0x4e8 Drivers\STM32F4xx_HAL_Driver\libstm32f4xx_hal.a(stm32f4xx_hal_uart.c.obj)
 .text.HAL_RCC_OscConfig
                0x08000d94      0x4f0 Drivers\STM32F4xx_HAL_Driver\libstm32f4xx_hal.a(stm32f4xx_hal_rcc.c.obj)
                0x08000d94                HAL_RCC_OscConfig
 .text.HAL_RCC_ClockConfig
                0x08001284      0x1cc Drivers\STM32F4xx_HAL_Driver\libstm32f4xx_hal.a(stm32f4xx_hal_rcc.c.obj)
                0x08001284                HAL_RCC_ClockConfig
 .text.HAL_RCC_GetSysClockFreq
                0x08001450      0x18c Drivers\STM32F4xx_HAL_Driver\libstm32f4xx_hal.a(stm32f4xx_hal_rcc.c.obj)
                0x08001450                HAL_RCC_GetSysClockFreq
 .text.HAL_RCC_GetHCLKFreq
                0x080015dc       0x18 Drivers\STM32F4xx_HAL_Driver\libstm32f4xx_hal.a(stm32f4xx_hal_rcc.c.obj)
                0x080015dc                HAL_RCC_GetHCLKFreq
 .text.HAL_RCC_GetPCLK1Freq
                0x080015f4       0x28 Drivers\STM32F4xx_HAL_Driver\libstm32f4xx_hal.a(stm32f4xx_hal_rcc.c.obj)
                0x080015f4                HAL_RCC_GetPCLK1Freq
 .text.HAL_RCC_GetPCLK2Freq
                0x0800161c       0x28 Drivers\STM32F4xx_HAL_Driver\libstm32f4xx_hal.a(stm32f4xx_hal_rcc.c.obj)
                0x0800161c                HAL_RCC_GetPCLK2Freq
 .text.HAL_GPIO_Init
                0x08001644      0x338 Drivers\STM32F4xx_HAL_Driver\libstm32f4xx_hal.a(stm32f4xx_hal_gpio.c.obj)
                0x08001644                HAL_GPIO_Init
 .text.HAL_Init
                0x0800197c       0x44 Drivers\STM32F4xx_HAL_Driver\libstm32f4xx_hal.a(stm32f4xx_hal.c.obj)
                0x0800197c                HAL_Init
 .text.HAL_InitTick
                0x080019c0       0x60 Drivers\STM32F4xx_HAL_Driver\libstm32f4xx_hal.a(stm32f4xx_hal.c.obj)
                0x080019c0                HAL_InitTick
 .text.HAL_IncTick
                0x08001a20       0x28 Drivers\STM32F4xx_HAL_Driver\libstm32f4xx_hal.a(stm32f4xx_hal.c.obj)
                0x08001a20                HAL_IncTick
 .text.HAL_GetTick
                0x08001a48       0x18 Drivers\STM32F4xx_HAL_Driver\libstm32f4xx_hal.a(stm32f4xx_hal.c.obj)
                0x08001a48                HAL_GetTick
 .text.__NVIC_SetPriorityGrouping
                0x08001a60       0x48 Drivers\STM32F4xx_HAL_Driver\libstm32f4xx_hal.a(stm32f4xx_hal_cortex.c.obj)
 .text.__NVIC_GetPriorityGrouping
                0x08001aa8       0x1c Drivers\STM32F4xx_HAL_Driver\libstm32f4xx_hal.a(stm32f4xx_hal_cortex.c.obj)
 .text.__NVIC_SetPriority
                0x08001ac4       0x54 Drivers\STM32F4xx_HAL_Driver\libstm32f4xx_hal.a(stm32f4xx_hal_cortex.c.obj)
 .text.NVIC_EncodePriority
                0x08001b18       0x66 Drivers\STM32F4xx_HAL_Driver\libstm32f4xx_hal.a(stm32f4xx_hal_cortex.c.obj)
 *fill*         0x08001b7e        0x2 
 .text.SysTick_Config
                0x08001b80       0x44 Drivers\STM32F4xx_HAL_Driver\libstm32f4xx_hal.a(stm32f4xx_hal_cortex.c.obj)
 .text.HAL_NVIC_SetPriorityGrouping
                0x08001bc4       0x16 Drivers\STM32F4xx_HAL_Driver\libstm32f4xx_hal.a(stm32f4xx_hal_cortex.c.obj)
                0x08001bc4                HAL_NVIC_SetPriorityGrouping
 .text.HAL_NVIC_SetPriority
                0x08001bda       0x38 Drivers\STM32F4xx_HAL_Driver\libstm32f4xx_hal.a(stm32f4xx_hal_cortex.c.obj)
                0x08001bda                HAL_NVIC_SetPriority
 .text.HAL_SYSTICK_Config
                0x08001c12       0x18 Drivers\STM32F4xx_HAL_Driver\libstm32f4xx_hal.a(stm32f4xx_hal_cortex.c.obj)
                0x08001c12                HAL_SYSTICK_Config
 *fill*         0x08001c2a        0x2 
 .text.__libc_init_array
                0x08001c2c       0x48 c:/progra~2/gnuarm~1/102021~1.07/bin/../lib/gcc/arm-none-eabi/10.3.1/../../../../arm-none-eabi/lib/thumb/v7e-m+fp/hard\libc_nano.a(lib_a-init.o)
                0x08001c2c                __libc_init_array
 .text.memset   0x08001c74       0x10 c:/progra~2/gnuarm~1/102021~1.07/bin/../lib/gcc/arm-none-eabi/10.3.1/../../../../arm-none-eabi/lib/thumb/v7e-m+fp/hard\libc_nano.a(lib_a-memset.o)
                0x08001c74                memset
 *(.glue_7)
 .glue_7        0x08001c84        0x0 linker stubs
 *(.glue_7t)
 .glue_7t       0x08001c84        0x0 linker stubs
 *(.eh_frame)
 .eh_frame      0x08001c84        0x0 c:/progra~2/gnuarm~1/102021~1.07/bin/../lib/gcc/arm-none-eabi/10.3.1/thumb/v7e-m+fp/hard/crtbegin.o
 *(.init)
 .init          0x08001c84        0x4 c:/progra~2/gnuarm~1/102021~1.07/bin/../lib/gcc/arm-none-eabi/10.3.1/thumb/v7e-m+fp/hard/crti.o
                0x08001c84                _init
 .init          0x08001c88        0x8 c:/progra~2/gnuarm~1/102021~1.07/bin/../lib/gcc/arm-none-eabi/10.3.1/thumb/v7e-m+fp/hard/crtn.o
 *(.fini)
 .fini          0x08001c90        0x4 c:/progra~2/gnuarm~1/102021~1.07/bin/../lib/gcc/arm-none-eabi/10.3.1/thumb/v7e-m+fp/hard/crti.o
                0x08001c90                _fini
 .fini          0x08001c94        0x8 c:/progra~2/gnuarm~1/102021~1.07/bin/../lib/gcc/arm-none-eabi/10.3.1/thumb/v7e-m+fp/hard/crtn.o
                0x08001c9c                . = ALIGN (0x4)
                0x08001c9c                _etext = .

.vfp11_veneer   0x08001c9c        0x0
 .vfp11_veneer  0x08001c9c        0x0 linker stubs

.v4_bx          0x08001c9c        0x0
 .v4_bx         0x08001c9c        0x0 linker stubs

.iplt           0x08001c9c        0x0
 .iplt          0x08001c9c        0x0 c:/progra~2/gnuarm~1/102021~1.07/bin/../lib/gcc/arm-none-eabi/10.3.1/thumb/v7e-m+fp/hard/crtbegin.o

.rodata         0x08001c9c       0x18
                0x08001c9c                . = ALIGN (0x4)
 *(.rodata)
 *(.rodata*)
 .rodata.AHBPrescTable
                0x08001c9c       0x10 CMakeFiles/DEMO.elf.dir/Core/Src/system_stm32f4xx.c.obj
                0x08001c9c                AHBPrescTable
 .rodata.APBPrescTable
                0x08001cac        0x8 CMakeFiles/DEMO.elf.dir/Core/Src/system_stm32f4xx.c.obj
                0x08001cac                APBPrescTable
                0x08001cb4                . = ALIGN (0x4)

.ARM.extab
 *(.ARM.extab* .gnu.linkonce.armextab.*)

.ARM            0x08001cb4        0x8
                0x08001cb4                __exidx_start = .
 *(.ARM.exidx*)
 .ARM.exidx     0x08001cb4        0x8 c:/progra~2/gnuarm~1/102021~1.07/bin/../lib/gcc/arm-none-eabi/10.3.1/thumb/v7e-m+fp/hard\libgcc.a(_udivmoddi4.o)
                0x08001cbc                __exidx_end = .

.rel.dyn        0x08001cbc        0x0
 .rel.iplt      0x08001cbc        0x0 c:/progra~2/gnuarm~1/102021~1.07/bin/../lib/gcc/arm-none-eabi/10.3.1/thumb/v7e-m+fp/hard/crtbegin.o

.preinit_array  0x08001cbc        0x0
                0x08001cbc                PROVIDE (__preinit_array_start = .)
 *(.preinit_array*)
                0x08001cbc                PROVIDE (__preinit_array_end = .)

.init_array     0x08001cbc        0x4
                0x08001cbc                PROVIDE (__init_array_start = .)
 *(SORT_BY_NAME(.init_array.*))
 *(.init_array*)
 .init_array    0x08001cbc        0x4 c:/progra~2/gnuarm~1/102021~1.07/bin/../lib/gcc/arm-none-eabi/10.3.1/thumb/v7e-m+fp/hard/crtbegin.o
                0x08001cc0                PROVIDE (__init_array_end = .)

.fini_array     0x08001cc0        0x4
                [!provide]                PROVIDE (__fini_array_start = .)
 *(SORT_BY_NAME(.fini_array.*))
 *(.fini_array*)
 .fini_array    0x08001cc0        0x4 c:/progra~2/gnuarm~1/102021~1.07/bin/../lib/gcc/arm-none-eabi/10.3.1/thumb/v7e-m+fp/hard/crtbegin.o
                [!provide]                PROVIDE (__fini_array_end = .)
                0x08001cc4                _sidata = LOADADDR (.data)

.data           0x20000000        0xc load address 0x08001cc4
                0x20000000                . = ALIGN (0x4)
                0x20000000                _sdata = .
 *(.data)
 *(.data*)
 .data.SystemCoreClock
                0x20000000        0x4 CMakeFiles/DEMO.elf.dir/Core/Src/system_stm32f4xx.c.obj
                0x20000000                SystemCoreClock
 .data.uwTickPrio
                0x20000004        0x4 Drivers\STM32F4xx_HAL_Driver\libstm32f4xx_hal.a(stm32f4xx_hal.c.obj)
                0x20000004                uwTickPrio
 .data.uwTickFreq
                0x20000008        0x1 Drivers\STM32F4xx_HAL_Driver\libstm32f4xx_hal.a(stm32f4xx_hal.c.obj)
                0x20000008                uwTickFreq
                0x2000000c                . = ALIGN (0x4)
 *fill*         0x20000009        0x3 
                0x2000000c                _edata = .
                0x08001cd0                _siccmram = LOADADDR (.ccmram)

.igot.plt       0x2000000c        0x0 load address 0x08001cd0
 .igot.plt      0x2000000c        0x0 c:/progra~2/gnuarm~1/102021~1.07/bin/../lib/gcc/arm-none-eabi/10.3.1/thumb/v7e-m+fp/hard/crtbegin.o

.ccmram         0x10000000        0x0 load address 0x08001cd0
                0x10000000                . = ALIGN (0x4)
                0x10000000                _sccmram = .
 *(.ccmram)
 *(.ccmram*)
                0x10000000                . = ALIGN (0x4)
                0x10000000                _eccmram = .
                0x10000000                . = ALIGN (0x4)

.bss            0x2000000c       0x64
                0x2000000c                _sbss = .
                0x2000000c                __bss_start__ = _sbss
 *(.bss)
 .bss           0x2000000c       0x1c c:/progra~2/gnuarm~1/102021~1.07/bin/../lib/gcc/arm-none-eabi/10.3.1/thumb/v7e-m+fp/hard/crtbegin.o
 *(.bss*)
 .bss.huart1    0x20000028       0x44 CMakeFiles/DEMO.elf.dir/Core/Src/usart.c.obj
                0x20000028                huart1
 .bss.uwTick    0x2000006c        0x4 Drivers\STM32F4xx_HAL_Driver\libstm32f4xx_hal.a(stm32f4xx_hal.c.obj)
                0x2000006c                uwTick
 *(COMMON)
                0x20000070                . = ALIGN (0x4)
                0x20000070                _ebss = .
                0x20000070                __bss_end__ = _ebss

._user_heap_stack
                0x20000070      0x600
                0x20000070                . = ALIGN (0x8)
                [!provide]                PROVIDE (end = .)
                [!provide]                PROVIDE (_end = .)
                0x20000270                . = (. + _Min_Heap_Size)
 *fill*         0x20000070      0x200 
                0x20000670                . = (. + _Min_Stack_Size)
 *fill*         0x20000270      0x400 
                0x20000670                . = ALIGN (0x8)

/DISCARD/
 libc.a(*)
 libm.a(*)
 libgcc.a(*)

.ARM.attributes
                0x00000000       0x30
 *(.ARM.attributes)
 .ARM.attributes
                0x00000000       0x1e c:/progra~2/gnuarm~1/102021~1.07/bin/../lib/gcc/arm-none-eabi/10.3.1/thumb/v7e-m+fp/hard/crti.o
 .ARM.attributes
                0x0000001e       0x34 c:/progra~2/gnuarm~1/102021~1.07/bin/../lib/gcc/arm-none-eabi/10.3.1/thumb/v7e-m+fp/hard/crtbegin.o
 .ARM.attributes
                0x00000052       0x34 CMakeFiles/DEMO.elf.dir/Core/Src/gpio.c.obj
 .ARM.attributes
                0x00000086       0x34 CMakeFiles/DEMO.elf.dir/Core/Src/main.c.obj
 .ARM.attributes
                0x000000ba       0x34 CMakeFiles/DEMO.elf.dir/Core/Src/stm32f4xx_it.c.obj
 .ARM.attributes
                0x000000ee       0x34 CMakeFiles/DEMO.elf.dir/Core/Src/usart.c.obj
 .ARM.attributes
                0x00000122       0x34 CMakeFiles/DEMO.elf.dir/Core/Src/system_stm32f4xx.c.obj
 .ARM.attributes
                0x00000156       0x34 CMakeFiles/DEMO.elf.dir/Core/Src/stm32f4xx_hal_msp.c.obj
 .ARM.attributes
                0x0000018a       0x21 CMakeFiles/DEMO.elf.dir/startup_stm32f407xx.s.obj
 .ARM.attributes
                0x000001ab       0x34 Drivers\STM32F4xx_HAL_Driver\libstm32f4xx_hal.a(stm32f4xx_hal_uart.c.obj)
 .ARM.attributes
                0x000001df       0x34 Drivers\STM32F4xx_HAL_Driver\libstm32f4xx_hal.a(stm32f4xx_hal_rcc.c.obj)
 .ARM.attributes
                0x00000213       0x34 Drivers\STM32F4xx_HAL_Driver\libstm32f4xx_hal.a(stm32f4xx_hal_gpio.c.obj)
 .ARM.attributes
                0x00000247       0x34 Drivers\STM32F4xx_HAL_Driver\libstm32f4xx_hal.a(stm32f4xx_hal.c.obj)
 .ARM.attributes
                0x0000027b       0x34 Drivers\STM32F4xx_HAL_Driver\libstm32f4xx_hal.a(stm32f4xx_hal_cortex.c.obj)
 .ARM.attributes
                0x000002af       0x34 c:/progra~2/gnuarm~1/102021~1.07/bin/../lib/gcc/arm-none-eabi/10.3.1/../../../../arm-none-eabi/lib/thumb/v7e-m+fp/hard\libc_nano.a(lib_a-init.o)
 .ARM.attributes
                0x000002e3       0x34 c:/progra~2/gnuarm~1/102021~1.07/bin/../lib/gcc/arm-none-eabi/10.3.1/../../../../arm-none-eabi/lib/thumb/v7e-m+fp/hard\libc_nano.a(lib_a-memset.o)
 .ARM.attributes
                0x00000317       0x1e c:/progra~2/gnuarm~1/102021~1.07/bin/../lib/gcc/arm-none-eabi/10.3.1/thumb/v7e-m+fp/hard\libgcc.a(_aeabi_uldivmod.o)
 .ARM.attributes
                0x00000335       0x34 c:/progra~2/gnuarm~1/102021~1.07/bin/../lib/gcc/arm-none-eabi/10.3.1/thumb/v7e-m+fp/hard\libgcc.a(_udivmoddi4.o)
 .ARM.attributes
                0x00000369       0x1e c:/progra~2/gnuarm~1/102021~1.07/bin/../lib/gcc/arm-none-eabi/10.3.1/thumb/v7e-m+fp/hard\libgcc.a(_dvmd_tls.o)
 .ARM.attributes
                0x00000387       0x1e c:/progra~2/gnuarm~1/102021~1.07/bin/../lib/gcc/arm-none-eabi/10.3.1/thumb/v7e-m+fp/hard/crtn.o
OUTPUT(DEMO.elf elf32-littlearm)
LOAD linker stubs
LOAD c:/progra~2/gnuarm~1/102021~1.07/bin/../lib/gcc/arm-none-eabi/10.3.1/../../../../arm-none-eabi/lib/thumb/v7e-m+fp/hard\libc.a
LOAD c:/progra~2/gnuarm~1/102021~1.07/bin/../lib/gcc/arm-none-eabi/10.3.1/../../../../arm-none-eabi/lib/thumb/v7e-m+fp/hard\libm.a
LOAD c:/progra~2/gnuarm~1/102021~1.07/bin/../lib/gcc/arm-none-eabi/10.3.1/thumb/v7e-m+fp/hard\libgcc.a

.comment        0x00000000       0x49
 .comment       0x00000000       0x49 CMakeFiles/DEMO.elf.dir/Core/Src/gpio.c.obj
                                 0x4a (size before relaxing)
 .comment       0x00000049       0x4a CMakeFiles/DEMO.elf.dir/Core/Src/main.c.obj
 .comment       0x00000049       0x4a CMakeFiles/DEMO.elf.dir/Core/Src/stm32f4xx_it.c.obj
 .comment       0x00000049       0x4a CMakeFiles/DEMO.elf.dir/Core/Src/usart.c.obj
 .comment       0x00000049       0x4a CMakeFiles/DEMO.elf.dir/Core/Src/system_stm32f4xx.c.obj
 .comment       0x00000049       0x4a CMakeFiles/DEMO.elf.dir/Core/Src/stm32f4xx_hal_msp.c.obj
 .comment       0x00000049       0x4a Drivers\STM32F4xx_HAL_Driver\libstm32f4xx_hal.a(stm32f4xx_hal_uart.c.obj)
 .comment       0x00000049       0x4a Drivers\STM32F4xx_HAL_Driver\libstm32f4xx_hal.a(stm32f4xx_hal_rcc.c.obj)
 .comment       0x00000049       0x4a Drivers\STM32F4xx_HAL_Driver\libstm32f4xx_hal.a(stm32f4xx_hal_gpio.c.obj)
 .comment       0x00000049       0x4a Drivers\STM32F4xx_HAL_Driver\libstm32f4xx_hal.a(stm32f4xx_hal.c.obj)
 .comment       0x00000049       0x4a Drivers\STM32F4xx_HAL_Driver\libstm32f4xx_hal.a(stm32f4xx_hal_cortex.c.obj)

.debug_frame    0x00000000       0xac
 .debug_frame   0x00000000       0x2c c:/progra~2/gnuarm~1/102021~1.07/bin/../lib/gcc/arm-none-eabi/10.3.1/../../../../arm-none-eabi/lib/thumb/v7e-m+fp/hard\libc_nano.a(lib_a-init.o)
 .debug_frame   0x0000002c       0x20 c:/progra~2/gnuarm~1/102021~1.07/bin/../lib/gcc/arm-none-eabi/10.3.1/../../../../arm-none-eabi/lib/thumb/v7e-m+fp/hard\libc_nano.a(lib_a-memset.o)
 .debug_frame   0x0000004c       0x2c c:/progra~2/gnuarm~1/102021~1.07/bin/../lib/gcc/arm-none-eabi/10.3.1/thumb/v7e-m+fp/hard\libgcc.a(_aeabi_uldivmod.o)
 .debug_frame   0x00000078       0x34 c:/progra~2/gnuarm~1/102021~1.07/bin/../lib/gcc/arm-none-eabi/10.3.1/thumb/v7e-m+fp/hard\libgcc.a(_udivmoddi4.o)

Cross Reference Table

Symbol                                            File
ADC_IRQHandler                                    CMakeFiles/DEMO.elf.dir/startup_stm32f407xx.s.obj
AHBPrescTable                                     CMakeFiles/DEMO.elf.dir/Core/Src/system_stm32f4xx.c.obj
                                                  Drivers\STM32F4xx_HAL_Driver\libstm32f4xx_hal.a(stm32f4xx_hal_rcc.c.obj)
APBPrescTable                                     CMakeFiles/DEMO.elf.dir/Core/Src/system_stm32f4xx.c.obj
                                                  Drivers\STM32F4xx_HAL_Driver\libstm32f4xx_hal.a(stm32f4xx_hal_rcc.c.obj)
BusFault_Handler                                  CMakeFiles/DEMO.elf.dir/Core/Src/stm32f4xx_it.c.obj
CAN1_RX0_IRQHandler                               CMakeFiles/DEMO.elf.dir/startup_stm32f407xx.s.obj
CAN1_RX1_IRQHandler                               CMakeFiles/DEMO.elf.dir/startup_stm32f407xx.s.obj
CAN1_SCE_IRQHandler                               CMakeFiles/DEMO.elf.dir/startup_stm32f407xx.s.obj
CAN1_TX_IRQHandler                                CMakeFiles/DEMO.elf.dir/startup_stm32f407xx.s.obj
CAN2_RX0_IRQHandler                               CMakeFiles/DEMO.elf.dir/startup_stm32f407xx.s.obj
CAN2_RX1_IRQHandler                               CMakeFiles/DEMO.elf.dir/startup_stm32f407xx.s.obj
CAN2_SCE_IRQHandler                               CMakeFiles/DEMO.elf.dir/startup_stm32f407xx.s.obj
CAN2_TX_IRQHandler                                CMakeFiles/DEMO.elf.dir/startup_stm32f407xx.s.obj
DCMI_IRQHandler                                   CMakeFiles/DEMO.elf.dir/startup_stm32f407xx.s.obj
DMA1_Stream0_IRQHandler                           CMakeFiles/DEMO.elf.dir/startup_stm32f407xx.s.obj
DMA1_Stream1_IRQHandler                           CMakeFiles/DEMO.elf.dir/startup_stm32f407xx.s.obj
DMA1_Stream2_IRQHandler                           CMakeFiles/DEMO.elf.dir/startup_stm32f407xx.s.obj
DMA1_Stream3_IRQHandler                           CMakeFiles/DEMO.elf.dir/startup_stm32f407xx.s.obj
DMA1_Stream4_IRQHandler                           CMakeFiles/DEMO.elf.dir/startup_stm32f407xx.s.obj
DMA1_Stream5_IRQHandler                           CMakeFiles/DEMO.elf.dir/startup_stm32f407xx.s.obj
DMA1_Stream6_IRQHandler                           CMakeFiles/DEMO.elf.dir/startup_stm32f407xx.s.obj
DMA1_Stream7_IRQHandler                           CMakeFiles/DEMO.elf.dir/startup_stm32f407xx.s.obj
DMA2_Stream0_IRQHandler                           CMakeFiles/DEMO.elf.dir/startup_stm32f407xx.s.obj
DMA2_Stream1_IRQHandler                           CMakeFiles/DEMO.elf.dir/startup_stm32f407xx.s.obj
DMA2_Stream2_IRQHandler                           CMakeFiles/DEMO.elf.dir/startup_stm32f407xx.s.obj
DMA2_Stream3_IRQHandler                           CMakeFiles/DEMO.elf.dir/startup_stm32f407xx.s.obj
DMA2_Stream4_IRQHandler                           CMakeFiles/DEMO.elf.dir/startup_stm32f407xx.s.obj
DMA2_Stream5_IRQHandler                           CMakeFiles/DEMO.elf.dir/startup_stm32f407xx.s.obj
DMA2_Stream6_IRQHandler                           CMakeFiles/DEMO.elf.dir/startup_stm32f407xx.s.obj
DMA2_Stream7_IRQHandler                           CMakeFiles/DEMO.elf.dir/startup_stm32f407xx.s.obj
DebugMon_Handler                                  CMakeFiles/DEMO.elf.dir/Core/Src/stm32f4xx_it.c.obj
Default_Handler                                   CMakeFiles/DEMO.elf.dir/startup_stm32f407xx.s.obj
ETH_IRQHandler                                    CMakeFiles/DEMO.elf.dir/startup_stm32f407xx.s.obj
ETH_WKUP_IRQHandler                               CMakeFiles/DEMO.elf.dir/startup_stm32f407xx.s.obj
EXTI0_IRQHandler                                  CMakeFiles/DEMO.elf.dir/startup_stm32f407xx.s.obj
EXTI15_10_IRQHandler                              CMakeFiles/DEMO.elf.dir/startup_stm32f407xx.s.obj
EXTI1_IRQHandler                                  CMakeFiles/DEMO.elf.dir/startup_stm32f407xx.s.obj
EXTI2_IRQHandler                                  CMakeFiles/DEMO.elf.dir/startup_stm32f407xx.s.obj
EXTI3_IRQHandler                                  CMakeFiles/DEMO.elf.dir/startup_stm32f407xx.s.obj
EXTI4_IRQHandler                                  CMakeFiles/DEMO.elf.dir/startup_stm32f407xx.s.obj
EXTI9_5_IRQHandler                                CMakeFiles/DEMO.elf.dir/startup_stm32f407xx.s.obj
Error_Handler                                     CMakeFiles/DEMO.elf.dir/Core/Src/main.c.obj
                                                  CMakeFiles/DEMO.elf.dir/Core/Src/usart.c.obj
FLASH_IRQHandler                                  CMakeFiles/DEMO.elf.dir/startup_stm32f407xx.s.obj
FPU_IRQHandler                                    CMakeFiles/DEMO.elf.dir/startup_stm32f407xx.s.obj
FSMC_IRQHandler                                   CMakeFiles/DEMO.elf.dir/startup_stm32f407xx.s.obj
HAL_DBGMCU_DisableDBGSleepMode                    Drivers\STM32F4xx_HAL_Driver\libstm32f4xx_hal.a(stm32f4xx_hal.c.obj)
HAL_DBGMCU_DisableDBGStandbyMode                  Drivers\STM32F4xx_HAL_Driver\libstm32f4xx_hal.a(stm32f4xx_hal.c.obj)
HAL_DBGMCU_DisableDBGStopMode                     Drivers\STM32F4xx_HAL_Driver\libstm32f4xx_hal.a(stm32f4xx_hal.c.obj)
HAL_DBGMCU_EnableDBGSleepMode                     Drivers\STM32F4xx_HAL_Driver\libstm32f4xx_hal.a(stm32f4xx_hal.c.obj)
HAL_DBGMCU_EnableDBGStandbyMode                   Drivers\STM32F4xx_HAL_Driver\libstm32f4xx_hal.a(stm32f4xx_hal.c.obj)
HAL_DBGMCU_EnableDBGStopMode                      Drivers\STM32F4xx_HAL_Driver\libstm32f4xx_hal.a(stm32f4xx_hal.c.obj)
HAL_DMA_Abort                                     Drivers\STM32F4xx_HAL_Driver\libstm32f4xx_hal.a(stm32f4xx_hal_dma.c.obj)
                                                  Drivers\STM32F4xx_HAL_Driver\libstm32f4xx_hal.a(stm32f4xx_hal_uart.c.obj)
HAL_DMA_Abort_IT                                  Drivers\STM32F4xx_HAL_Driver\libstm32f4xx_hal.a(stm32f4xx_hal_dma.c.obj)
                                                  Drivers\STM32F4xx_HAL_Driver\libstm32f4xx_hal.a(stm32f4xx_hal_uart.c.obj)
HAL_DMA_DeInit                                    Drivers\STM32F4xx_HAL_Driver\libstm32f4xx_hal.a(stm32f4xx_hal_dma.c.obj)
HAL_DMA_GetError                                  Drivers\STM32F4xx_HAL_Driver\libstm32f4xx_hal.a(stm32f4xx_hal_dma.c.obj)
                                                  Drivers\STM32F4xx_HAL_Driver\libstm32f4xx_hal.a(stm32f4xx_hal_uart.c.obj)
HAL_DMA_GetState                                  Drivers\STM32F4xx_HAL_Driver\libstm32f4xx_hal.a(stm32f4xx_hal_dma.c.obj)
HAL_DMA_IRQHandler                                Drivers\STM32F4xx_HAL_Driver\libstm32f4xx_hal.a(stm32f4xx_hal_dma.c.obj)
HAL_DMA_Init                                      Drivers\STM32F4xx_HAL_Driver\libstm32f4xx_hal.a(stm32f4xx_hal_dma.c.obj)
HAL_DMA_PollForTransfer                           Drivers\STM32F4xx_HAL_Driver\libstm32f4xx_hal.a(stm32f4xx_hal_dma.c.obj)
HAL_DMA_RegisterCallback                          Drivers\STM32F4xx_HAL_Driver\libstm32f4xx_hal.a(stm32f4xx_hal_dma.c.obj)
HAL_DMA_Start                                     Drivers\STM32F4xx_HAL_Driver\libstm32f4xx_hal.a(stm32f4xx_hal_dma.c.obj)
HAL_DMA_Start_IT                                  Drivers\STM32F4xx_HAL_Driver\libstm32f4xx_hal.a(stm32f4xx_hal_dma.c.obj)
                                                  Drivers\STM32F4xx_HAL_Driver\libstm32f4xx_hal.a(stm32f4xx_hal_uart.c.obj)
HAL_DMA_UnRegisterCallback                        Drivers\STM32F4xx_HAL_Driver\libstm32f4xx_hal.a(stm32f4xx_hal_dma.c.obj)
HAL_DeInit                                        Drivers\STM32F4xx_HAL_Driver\libstm32f4xx_hal.a(stm32f4xx_hal.c.obj)
HAL_Delay                                         Drivers\STM32F4xx_HAL_Driver\libstm32f4xx_hal.a(stm32f4xx_hal.c.obj)
HAL_DisableCompensationCell                       Drivers\STM32F4xx_HAL_Driver\libstm32f4xx_hal.a(stm32f4xx_hal.c.obj)
HAL_EnableCompensationCell                        Drivers\STM32F4xx_HAL_Driver\libstm32f4xx_hal.a(stm32f4xx_hal.c.obj)
HAL_GPIO_DeInit                                   Drivers\STM32F4xx_HAL_Driver\libstm32f4xx_hal.a(stm32f4xx_hal_gpio.c.obj)
                                                  CMakeFiles/DEMO.elf.dir/Core/Src/usart.c.obj
HAL_GPIO_EXTI_Callback                            Drivers\STM32F4xx_HAL_Driver\libstm32f4xx_hal.a(stm32f4xx_hal_gpio.c.obj)
HAL_GPIO_EXTI_IRQHandler                          Drivers\STM32F4xx_HAL_Driver\libstm32f4xx_hal.a(stm32f4xx_hal_gpio.c.obj)
HAL_GPIO_Init                                     Drivers\STM32F4xx_HAL_Driver\libstm32f4xx_hal.a(stm32f4xx_hal_gpio.c.obj)
                                                  Drivers\STM32F4xx_HAL_Driver\libstm32f4xx_hal.a(stm32f4xx_hal_rcc.c.obj)
                                                  CMakeFiles/DEMO.elf.dir/Core/Src/usart.c.obj
HAL_GPIO_LockPin                                  Drivers\STM32F4xx_HAL_Driver\libstm32f4xx_hal.a(stm32f4xx_hal_gpio.c.obj)
HAL_GPIO_ReadPin                                  Drivers\STM32F4xx_HAL_Driver\libstm32f4xx_hal.a(stm32f4xx_hal_gpio.c.obj)
HAL_GPIO_TogglePin                                Drivers\STM32F4xx_HAL_Driver\libstm32f4xx_hal.a(stm32f4xx_hal_gpio.c.obj)
HAL_GPIO_WritePin                                 Drivers\STM32F4xx_HAL_Driver\libstm32f4xx_hal.a(stm32f4xx_hal_gpio.c.obj)
HAL_GetDEVID                                      Drivers\STM32F4xx_HAL_Driver\libstm32f4xx_hal.a(stm32f4xx_hal.c.obj)
HAL_GetHalVersion                                 Drivers\STM32F4xx_HAL_Driver\libstm32f4xx_hal.a(stm32f4xx_hal.c.obj)
HAL_GetREVID                                      Drivers\STM32F4xx_HAL_Driver\libstm32f4xx_hal.a(stm32f4xx_hal.c.obj)
HAL_GetTick                                       Drivers\STM32F4xx_HAL_Driver\libstm32f4xx_hal.a(stm32f4xx_hal.c.obj)
                                                  Drivers\STM32F4xx_HAL_Driver\libstm32f4xx_hal.a(stm32f4xx_hal_dma.c.obj)
                                                  Drivers\STM32F4xx_HAL_Driver\libstm32f4xx_hal.a(stm32f4xx_hal_rcc.c.obj)
                                                  Drivers\STM32F4xx_HAL_Driver\libstm32f4xx_hal.a(stm32f4xx_hal_uart.c.obj)
HAL_GetTickFreq                                   Drivers\STM32F4xx_HAL_Driver\libstm32f4xx_hal.a(stm32f4xx_hal.c.obj)
HAL_GetTickPrio                                   Drivers\STM32F4xx_HAL_Driver\libstm32f4xx_hal.a(stm32f4xx_hal.c.obj)
HAL_GetUIDw0                                      Drivers\STM32F4xx_HAL_Driver\libstm32f4xx_hal.a(stm32f4xx_hal.c.obj)
HAL_GetUIDw1                                      Drivers\STM32F4xx_HAL_Driver\libstm32f4xx_hal.a(stm32f4xx_hal.c.obj)
HAL_GetUIDw2                                      Drivers\STM32F4xx_HAL_Driver\libstm32f4xx_hal.a(stm32f4xx_hal.c.obj)
HAL_HalfDuplex_EnableReceiver                     Drivers\STM32F4xx_HAL_Driver\libstm32f4xx_hal.a(stm32f4xx_hal_uart.c.obj)
HAL_HalfDuplex_EnableTransmitter                  Drivers\STM32F4xx_HAL_Driver\libstm32f4xx_hal.a(stm32f4xx_hal_uart.c.obj)
HAL_HalfDuplex_Init                               Drivers\STM32F4xx_HAL_Driver\libstm32f4xx_hal.a(stm32f4xx_hal_uart.c.obj)
HAL_IncTick                                       Drivers\STM32F4xx_HAL_Driver\libstm32f4xx_hal.a(stm32f4xx_hal.c.obj)
                                                  CMakeFiles/DEMO.elf.dir/Core/Src/stm32f4xx_it.c.obj
HAL_Init                                          Drivers\STM32F4xx_HAL_Driver\libstm32f4xx_hal.a(stm32f4xx_hal.c.obj)
                                                  CMakeFiles/DEMO.elf.dir/Core/Src/main.c.obj
HAL_InitTick                                      Drivers\STM32F4xx_HAL_Driver\libstm32f4xx_hal.a(stm32f4xx_hal.c.obj)
                                                  Drivers\STM32F4xx_HAL_Driver\libstm32f4xx_hal.a(stm32f4xx_hal_rcc.c.obj)
HAL_LIN_Init                                      Drivers\STM32F4xx_HAL_Driver\libstm32f4xx_hal.a(stm32f4xx_hal_uart.c.obj)
HAL_LIN_SendBreak                                 Drivers\STM32F4xx_HAL_Driver\libstm32f4xx_hal.a(stm32f4xx_hal_uart.c.obj)
HAL_MPU_ConfigRegion                              Drivers\STM32F4xx_HAL_Driver\libstm32f4xx_hal.a(stm32f4xx_hal_cortex.c.obj)
HAL_MPU_Disable                                   Drivers\STM32F4xx_HAL_Driver\libstm32f4xx_hal.a(stm32f4xx_hal_cortex.c.obj)
HAL_MPU_Enable                                    Drivers\STM32F4xx_HAL_Driver\libstm32f4xx_hal.a(stm32f4xx_hal_cortex.c.obj)
HAL_MspDeInit                                     Drivers\STM32F4xx_HAL_Driver\libstm32f4xx_hal.a(stm32f4xx_hal.c.obj)
HAL_MspInit                                       CMakeFiles/DEMO.elf.dir/Core/Src/stm32f4xx_hal_msp.c.obj
HAL_MultiProcessor_EnterMuteMode                  Drivers\STM32F4xx_HAL_Driver\libstm32f4xx_hal.a(stm32f4xx_hal_uart.c.obj)
HAL_MultiProcessor_ExitMuteMode                   Drivers\STM32F4xx_HAL_Driver\libstm32f4xx_hal.a(stm32f4xx_hal_uart.c.obj)
HAL_MultiProcessor_Init                           Drivers\STM32F4xx_HAL_Driver\libstm32f4xx_hal.a(stm32f4xx_hal_uart.c.obj)
HAL_NVIC_ClearPendingIRQ                          Drivers\STM32F4xx_HAL_Driver\libstm32f4xx_hal.a(stm32f4xx_hal_cortex.c.obj)
HAL_NVIC_DisableIRQ                               Drivers\STM32F4xx_HAL_Driver\libstm32f4xx_hal.a(stm32f4xx_hal_cortex.c.obj)
HAL_NVIC_EnableIRQ                                Drivers\STM32F4xx_HAL_Driver\libstm32f4xx_hal.a(stm32f4xx_hal_cortex.c.obj)
HAL_NVIC_GetActive                                Drivers\STM32F4xx_HAL_Driver\libstm32f4xx_hal.a(stm32f4xx_hal_cortex.c.obj)
HAL_NVIC_GetPendingIRQ                            Drivers\STM32F4xx_HAL_Driver\libstm32f4xx_hal.a(stm32f4xx_hal_cortex.c.obj)
HAL_NVIC_GetPriority                              Drivers\STM32F4xx_HAL_Driver\libstm32f4xx_hal.a(stm32f4xx_hal_cortex.c.obj)
HAL_NVIC_GetPriorityGrouping                      Drivers\STM32F4xx_HAL_Driver\libstm32f4xx_hal.a(stm32f4xx_hal_cortex.c.obj)
HAL_NVIC_SetPendingIRQ                            Drivers\STM32F4xx_HAL_Driver\libstm32f4xx_hal.a(stm32f4xx_hal_cortex.c.obj)
HAL_NVIC_SetPriority                              Drivers\STM32F4xx_HAL_Driver\libstm32f4xx_hal.a(stm32f4xx_hal_cortex.c.obj)
                                                  Drivers\STM32F4xx_HAL_Driver\libstm32f4xx_hal.a(stm32f4xx_hal.c.obj)
HAL_NVIC_SetPriorityGrouping                      Drivers\STM32F4xx_HAL_Driver\libstm32f4xx_hal.a(stm32f4xx_hal_cortex.c.obj)
                                                  Drivers\STM32F4xx_HAL_Driver\libstm32f4xx_hal.a(stm32f4xx_hal.c.obj)
HAL_NVIC_SystemReset                              Drivers\STM32F4xx_HAL_Driver\libstm32f4xx_hal.a(stm32f4xx_hal_cortex.c.obj)
HAL_RCC_CSSCallback                               Drivers\STM32F4xx_HAL_Driver\libstm32f4xx_hal.a(stm32f4xx_hal_rcc.c.obj)
HAL_RCC_ClockConfig                               Drivers\STM32F4xx_HAL_Driver\libstm32f4xx_hal.a(stm32f4xx_hal_rcc.c.obj)
                                                  CMakeFiles/DEMO.elf.dir/Core/Src/main.c.obj
HAL_RCC_DeInit                                    Drivers\STM32F4xx_HAL_Driver\libstm32f4xx_hal.a(stm32f4xx_hal_rcc.c.obj)
HAL_RCC_DisableCSS                                Drivers\STM32F4xx_HAL_Driver\libstm32f4xx_hal.a(stm32f4xx_hal_rcc.c.obj)
HAL_RCC_EnableCSS                                 Drivers\STM32F4xx_HAL_Driver\libstm32f4xx_hal.a(stm32f4xx_hal_rcc.c.obj)
HAL_RCC_GetClockConfig                            Drivers\STM32F4xx_HAL_Driver\libstm32f4xx_hal.a(stm32f4xx_hal_rcc.c.obj)
HAL_RCC_GetHCLKFreq                               Drivers\STM32F4xx_HAL_Driver\libstm32f4xx_hal.a(stm32f4xx_hal_rcc.c.obj)
HAL_RCC_GetOscConfig                              Drivers\STM32F4xx_HAL_Driver\libstm32f4xx_hal.a(stm32f4xx_hal_rcc.c.obj)
HAL_RCC_GetPCLK1Freq                              Drivers\STM32F4xx_HAL_Driver\libstm32f4xx_hal.a(stm32f4xx_hal_rcc.c.obj)
                                                  Drivers\STM32F4xx_HAL_Driver\libstm32f4xx_hal.a(stm32f4xx_hal_uart.c.obj)
HAL_RCC_GetPCLK2Freq                              Drivers\STM32F4xx_HAL_Driver\libstm32f4xx_hal.a(stm32f4xx_hal_rcc.c.obj)
                                                  Drivers\STM32F4xx_HAL_Driver\libstm32f4xx_hal.a(stm32f4xx_hal_uart.c.obj)
HAL_RCC_GetSysClockFreq                           Drivers\STM32F4xx_HAL_Driver\libstm32f4xx_hal.a(stm32f4xx_hal_rcc.c.obj)
HAL_RCC_MCOConfig                                 Drivers\STM32F4xx_HAL_Driver\libstm32f4xx_hal.a(stm32f4xx_hal_rcc.c.obj)
HAL_RCC_NMI_IRQHandler                            Drivers\STM32F4xx_HAL_Driver\libstm32f4xx_hal.a(stm32f4xx_hal_rcc.c.obj)
HAL_RCC_OscConfig                                 Drivers\STM32F4xx_HAL_Driver\libstm32f4xx_hal.a(stm32f4xx_hal_rcc.c.obj)
                                                  CMakeFiles/DEMO.elf.dir/Core/Src/main.c.obj
HAL_ResumeTick                                    Drivers\STM32F4xx_HAL_Driver\libstm32f4xx_hal.a(stm32f4xx_hal.c.obj)
HAL_SYSTICK_CLKSourceConfig                       Drivers\STM32F4xx_HAL_Driver\libstm32f4xx_hal.a(stm32f4xx_hal_cortex.c.obj)
HAL_SYSTICK_Callback                              Drivers\STM32F4xx_HAL_Driver\libstm32f4xx_hal.a(stm32f4xx_hal_cortex.c.obj)
HAL_SYSTICK_Config                                Drivers\STM32F4xx_HAL_Driver\libstm32f4xx_hal.a(stm32f4xx_hal_cortex.c.obj)
                                                  Drivers\STM32F4xx_HAL_Driver\libstm32f4xx_hal.a(stm32f4xx_hal.c.obj)
HAL_SYSTICK_IRQHandler                            Drivers\STM32F4xx_HAL_Driver\libstm32f4xx_hal.a(stm32f4xx_hal_cortex.c.obj)
HAL_SetTickFreq                                   Drivers\STM32F4xx_HAL_Driver\libstm32f4xx_hal.a(stm32f4xx_hal.c.obj)
HAL_SuspendTick                                   Drivers\STM32F4xx_HAL_Driver\libstm32f4xx_hal.a(stm32f4xx_hal.c.obj)
HAL_UARTEx_ReceiveToIdle                          Drivers\STM32F4xx_HAL_Driver\libstm32f4xx_hal.a(stm32f4xx_hal_uart.c.obj)
HAL_UARTEx_ReceiveToIdle_DMA                      Drivers\STM32F4xx_HAL_Driver\libstm32f4xx_hal.a(stm32f4xx_hal_uart.c.obj)
HAL_UARTEx_ReceiveToIdle_IT                       Drivers\STM32F4xx_HAL_Driver\libstm32f4xx_hal.a(stm32f4xx_hal_uart.c.obj)
HAL_UARTEx_RxEventCallback                        Drivers\STM32F4xx_HAL_Driver\libstm32f4xx_hal.a(stm32f4xx_hal_uart.c.obj)
HAL_UART_Abort                                    Drivers\STM32F4xx_HAL_Driver\libstm32f4xx_hal.a(stm32f4xx_hal_uart.c.obj)
HAL_UART_AbortCpltCallback                        Drivers\STM32F4xx_HAL_Driver\libstm32f4xx_hal.a(stm32f4xx_hal_uart.c.obj)
HAL_UART_AbortReceive                             Drivers\STM32F4xx_HAL_Driver\libstm32f4xx_hal.a(stm32f4xx_hal_uart.c.obj)
HAL_UART_AbortReceiveCpltCallback                 Drivers\STM32F4xx_HAL_Driver\libstm32f4xx_hal.a(stm32f4xx_hal_uart.c.obj)
HAL_UART_AbortReceive_IT                          Drivers\STM32F4xx_HAL_Driver\libstm32f4xx_hal.a(stm32f4xx_hal_uart.c.obj)
HAL_UART_AbortTransmit                            Drivers\STM32F4xx_HAL_Driver\libstm32f4xx_hal.a(stm32f4xx_hal_uart.c.obj)
HAL_UART_AbortTransmitCpltCallback                Drivers\STM32F4xx_HAL_Driver\libstm32f4xx_hal.a(stm32f4xx_hal_uart.c.obj)
HAL_UART_AbortTransmit_IT                         Drivers\STM32F4xx_HAL_Driver\libstm32f4xx_hal.a(stm32f4xx_hal_uart.c.obj)
HAL_UART_Abort_IT                                 Drivers\STM32F4xx_HAL_Driver\libstm32f4xx_hal.a(stm32f4xx_hal_uart.c.obj)
HAL_UART_DMAPause                                 Drivers\STM32F4xx_HAL_Driver\libstm32f4xx_hal.a(stm32f4xx_hal_uart.c.obj)
HAL_UART_DMAResume                                Drivers\STM32F4xx_HAL_Driver\libstm32f4xx_hal.a(stm32f4xx_hal_uart.c.obj)
HAL_UART_DMAStop                                  Drivers\STM32F4xx_HAL_Driver\libstm32f4xx_hal.a(stm32f4xx_hal_uart.c.obj)
HAL_UART_DeInit                                   Drivers\STM32F4xx_HAL_Driver\libstm32f4xx_hal.a(stm32f4xx_hal_uart.c.obj)
HAL_UART_ErrorCallback                            Drivers\STM32F4xx_HAL_Driver\libstm32f4xx_hal.a(stm32f4xx_hal_uart.c.obj)
HAL_UART_GetError                                 Drivers\STM32F4xx_HAL_Driver\libstm32f4xx_hal.a(stm32f4xx_hal_uart.c.obj)
HAL_UART_GetState                                 Drivers\STM32F4xx_HAL_Driver\libstm32f4xx_hal.a(stm32f4xx_hal_uart.c.obj)
HAL_UART_IRQHandler                               Drivers\STM32F4xx_HAL_Driver\libstm32f4xx_hal.a(stm32f4xx_hal_uart.c.obj)
HAL_UART_Init                                     Drivers\STM32F4xx_HAL_Driver\libstm32f4xx_hal.a(stm32f4xx_hal_uart.c.obj)
                                                  CMakeFiles/DEMO.elf.dir/Core/Src/usart.c.obj
HAL_UART_MspDeInit                                CMakeFiles/DEMO.elf.dir/Core/Src/usart.c.obj
HAL_UART_MspInit                                  CMakeFiles/DEMO.elf.dir/Core/Src/usart.c.obj
HAL_UART_Receive                                  Drivers\STM32F4xx_HAL_Driver\libstm32f4xx_hal.a(stm32f4xx_hal_uart.c.obj)
HAL_UART_Receive_DMA                              Drivers\STM32F4xx_HAL_Driver\libstm32f4xx_hal.a(stm32f4xx_hal_uart.c.obj)
HAL_UART_Receive_IT                               Drivers\STM32F4xx_HAL_Driver\libstm32f4xx_hal.a(stm32f4xx_hal_uart.c.obj)
HAL_UART_RxCpltCallback                           Drivers\STM32F4xx_HAL_Driver\libstm32f4xx_hal.a(stm32f4xx_hal_uart.c.obj)
HAL_UART_RxHalfCpltCallback                       Drivers\STM32F4xx_HAL_Driver\libstm32f4xx_hal.a(stm32f4xx_hal_uart.c.obj)
HAL_UART_Transmit                                 Drivers\STM32F4xx_HAL_Driver\libstm32f4xx_hal.a(stm32f4xx_hal_uart.c.obj)
HAL_UART_Transmit_DMA                             Drivers\STM32F4xx_HAL_Driver\libstm32f4xx_hal.a(stm32f4xx_hal_uart.c.obj)
HAL_UART_Transmit_IT                              Drivers\STM32F4xx_HAL_Driver\libstm32f4xx_hal.a(stm32f4xx_hal_uart.c.obj)
HAL_UART_TxCpltCallback                           Drivers\STM32F4xx_HAL_Driver\libstm32f4xx_hal.a(stm32f4xx_hal_uart.c.obj)
HAL_UART_TxHalfCpltCallback                       Drivers\STM32F4xx_HAL_Driver\libstm32f4xx_hal.a(stm32f4xx_hal_uart.c.obj)
HASH_RNG_IRQHandler                               CMakeFiles/DEMO.elf.dir/startup_stm32f407xx.s.obj
HardFault_Handler                                 CMakeFiles/DEMO.elf.dir/Core/Src/stm32f4xx_it.c.obj
I2C1_ER_IRQHandler                                CMakeFiles/DEMO.elf.dir/startup_stm32f407xx.s.obj
I2C1_EV_IRQHandler                                CMakeFiles/DEMO.elf.dir/startup_stm32f407xx.s.obj
I2C2_ER_IRQHandler                                CMakeFiles/DEMO.elf.dir/startup_stm32f407xx.s.obj
I2C2_EV_IRQHandler                                CMakeFiles/DEMO.elf.dir/startup_stm32f407xx.s.obj
I2C3_ER_IRQHandler                                CMakeFiles/DEMO.elf.dir/startup_stm32f407xx.s.obj
I2C3_EV_IRQHandler                                CMakeFiles/DEMO.elf.dir/startup_stm32f407xx.s.obj
MX_GPIO_Init                                      CMakeFiles/DEMO.elf.dir/Core/Src/gpio.c.obj
                                                  CMakeFiles/DEMO.elf.dir/Core/Src/main.c.obj
MX_USART1_UART_Init                               CMakeFiles/DEMO.elf.dir/Core/Src/usart.c.obj
                                                  CMakeFiles/DEMO.elf.dir/Core/Src/main.c.obj
MemManage_Handler                                 CMakeFiles/DEMO.elf.dir/Core/Src/stm32f4xx_it.c.obj
NMI_Handler                                       CMakeFiles/DEMO.elf.dir/Core/Src/stm32f4xx_it.c.obj
OTG_FS_IRQHandler                                 CMakeFiles/DEMO.elf.dir/startup_stm32f407xx.s.obj
OTG_FS_WKUP_IRQHandler                            CMakeFiles/DEMO.elf.dir/startup_stm32f407xx.s.obj
OTG_HS_EP1_IN_IRQHandler                          CMakeFiles/DEMO.elf.dir/startup_stm32f407xx.s.obj
OTG_HS_EP1_OUT_IRQHandler                         CMakeFiles/DEMO.elf.dir/startup_stm32f407xx.s.obj
OTG_HS_IRQHandler                                 CMakeFiles/DEMO.elf.dir/startup_stm32f407xx.s.obj
OTG_HS_WKUP_IRQHandler                            CMakeFiles/DEMO.elf.dir/startup_stm32f407xx.s.obj
PVD_IRQHandler                                    CMakeFiles/DEMO.elf.dir/startup_stm32f407xx.s.obj
PendSV_Handler                                    CMakeFiles/DEMO.elf.dir/Core/Src/stm32f4xx_it.c.obj
RCC_IRQHandler                                    CMakeFiles/DEMO.elf.dir/startup_stm32f407xx.s.obj
RTC_Alarm_IRQHandler                              CMakeFiles/DEMO.elf.dir/startup_stm32f407xx.s.obj
RTC_WKUP_IRQHandler                               CMakeFiles/DEMO.elf.dir/startup_stm32f407xx.s.obj
Reset_Handler                                     CMakeFiles/DEMO.elf.dir/startup_stm32f407xx.s.obj
SDIO_IRQHandler                                   CMakeFiles/DEMO.elf.dir/startup_stm32f407xx.s.obj
SPI1_IRQHandler                                   CMakeFiles/DEMO.elf.dir/startup_stm32f407xx.s.obj
SPI2_IRQHandler                                   CMakeFiles/DEMO.elf.dir/startup_stm32f407xx.s.obj
SPI3_IRQHandler                                   CMakeFiles/DEMO.elf.dir/startup_stm32f407xx.s.obj
SVC_Handler                                       CMakeFiles/DEMO.elf.dir/Core/Src/stm32f4xx_it.c.obj
SysTick_Handler                                   CMakeFiles/DEMO.elf.dir/Core/Src/stm32f4xx_it.c.obj
SystemClock_Config                                CMakeFiles/DEMO.elf.dir/Core/Src/main.c.obj
SystemCoreClock                                   CMakeFiles/DEMO.elf.dir/Core/Src/system_stm32f4xx.c.obj
                                                  Drivers\STM32F4xx_HAL_Driver\libstm32f4xx_hal.a(stm32f4xx_hal.c.obj)
                                                  Drivers\STM32F4xx_HAL_Driver\libstm32f4xx_hal.a(stm32f4xx_hal_dma.c.obj)
                                                  Drivers\STM32F4xx_HAL_Driver\libstm32f4xx_hal.a(stm32f4xx_hal_rcc.c.obj)
SystemCoreClockUpdate                             CMakeFiles/DEMO.elf.dir/Core/Src/system_stm32f4xx.c.obj
SystemInit                                        CMakeFiles/DEMO.elf.dir/Core/Src/system_stm32f4xx.c.obj
                                                  CMakeFiles/DEMO.elf.dir/startup_stm32f407xx.s.obj
TAMP_STAMP_IRQHandler                             CMakeFiles/DEMO.elf.dir/startup_stm32f407xx.s.obj
TIM1_BRK_TIM9_IRQHandler                          CMakeFiles/DEMO.elf.dir/startup_stm32f407xx.s.obj
TIM1_CC_IRQHandler                                CMakeFiles/DEMO.elf.dir/startup_stm32f407xx.s.obj
TIM1_TRG_COM_TIM11_IRQHandler                     CMakeFiles/DEMO.elf.dir/startup_stm32f407xx.s.obj
TIM1_UP_TIM10_IRQHandler                          CMakeFiles/DEMO.elf.dir/startup_stm32f407xx.s.obj
TIM2_IRQHandler                                   CMakeFiles/DEMO.elf.dir/startup_stm32f407xx.s.obj
TIM3_IRQHandler                                   CMakeFiles/DEMO.elf.dir/startup_stm32f407xx.s.obj
TIM4_IRQHandler                                   CMakeFiles/DEMO.elf.dir/startup_stm32f407xx.s.obj
TIM5_IRQHandler                                   CMakeFiles/DEMO.elf.dir/startup_stm32f407xx.s.obj
TIM6_DAC_IRQHandler                               CMakeFiles/DEMO.elf.dir/startup_stm32f407xx.s.obj
TIM7_IRQHandler                                   CMakeFiles/DEMO.elf.dir/startup_stm32f407xx.s.obj
TIM8_BRK_TIM12_IRQHandler                         CMakeFiles/DEMO.elf.dir/startup_stm32f407xx.s.obj
TIM8_CC_IRQHandler                                CMakeFiles/DEMO.elf.dir/startup_stm32f407xx.s.obj
TIM8_TRG_COM_TIM14_IRQHandler                     CMakeFiles/DEMO.elf.dir/startup_stm32f407xx.s.obj
TIM8_UP_TIM13_IRQHandler                          CMakeFiles/DEMO.elf.dir/startup_stm32f407xx.s.obj
UART4_IRQHandler                                  CMakeFiles/DEMO.elf.dir/startup_stm32f407xx.s.obj
UART5_IRQHandler                                  CMakeFiles/DEMO.elf.dir/startup_stm32f407xx.s.obj
UART_Start_Receive_DMA                            Drivers\STM32F4xx_HAL_Driver\libstm32f4xx_hal.a(stm32f4xx_hal_uart.c.obj)
UART_Start_Receive_IT                             Drivers\STM32F4xx_HAL_Driver\libstm32f4xx_hal.a(stm32f4xx_hal_uart.c.obj)
USART1_IRQHandler                                 CMakeFiles/DEMO.elf.dir/startup_stm32f407xx.s.obj
USART2_IRQHandler                                 CMakeFiles/DEMO.elf.dir/startup_stm32f407xx.s.obj
USART3_IRQHandler                                 CMakeFiles/DEMO.elf.dir/startup_stm32f407xx.s.obj
USART6_IRQHandler                                 CMakeFiles/DEMO.elf.dir/startup_stm32f407xx.s.obj
UsageFault_Handler                                CMakeFiles/DEMO.elf.dir/Core/Src/stm32f4xx_it.c.obj
WWDG_IRQHandler                                   CMakeFiles/DEMO.elf.dir/startup_stm32f407xx.s.obj
__aeabi_idiv0                                     c:/progra~2/gnuarm~1/102021~1.07/bin/../lib/gcc/arm-none-eabi/10.3.1/thumb/v7e-m+fp/hard\libgcc.a(_dvmd_tls.o)
__aeabi_ldiv0                                     c:/progra~2/gnuarm~1/102021~1.07/bin/../lib/gcc/arm-none-eabi/10.3.1/thumb/v7e-m+fp/hard\libgcc.a(_dvmd_tls.o)
                                                  c:/progra~2/gnuarm~1/102021~1.07/bin/../lib/gcc/arm-none-eabi/10.3.1/thumb/v7e-m+fp/hard\libgcc.a(_aeabi_uldivmod.o)
__aeabi_uldivmod                                  c:/progra~2/gnuarm~1/102021~1.07/bin/../lib/gcc/arm-none-eabi/10.3.1/thumb/v7e-m+fp/hard\libgcc.a(_aeabi_uldivmod.o)
                                                  Drivers\STM32F4xx_HAL_Driver\libstm32f4xx_hal.a(stm32f4xx_hal_rcc.c.obj)
                                                  Drivers\STM32F4xx_HAL_Driver\libstm32f4xx_hal.a(stm32f4xx_hal_uart.c.obj)
__bss_end__                                       c:/progra~2/gnuarm~1/102021~1.07/bin/../lib/gcc/arm-none-eabi/10.3.1/../../../../arm-none-eabi/lib/thumb/v7e-m+fp/hard/crt0.o
__bss_start__                                     c:/progra~2/gnuarm~1/102021~1.07/bin/../lib/gcc/arm-none-eabi/10.3.1/../../../../arm-none-eabi/lib/thumb/v7e-m+fp/hard/crt0.o
__call_exitprocs                                  c:/progra~2/gnuarm~1/102021~1.07/bin/../lib/gcc/arm-none-eabi/10.3.1/../../../../arm-none-eabi/lib/thumb/v7e-m+fp/hard\libc_nano.a(lib_a-exit.o)
__deregister_frame_info                           c:/progra~2/gnuarm~1/102021~1.07/bin/../lib/gcc/arm-none-eabi/10.3.1/thumb/v7e-m+fp/hard/crtbegin.o
__dso_handle                                      c:/progra~2/gnuarm~1/102021~1.07/bin/../lib/gcc/arm-none-eabi/10.3.1/thumb/v7e-m+fp/hard/crtbegin.o
__init_array_end                                  c:/progra~2/gnuarm~1/102021~1.07/bin/../lib/gcc/arm-none-eabi/10.3.1/../../../../arm-none-eabi/lib/thumb/v7e-m+fp/hard\libc_nano.a(lib_a-init.o)
__init_array_start                                c:/progra~2/gnuarm~1/102021~1.07/bin/../lib/gcc/arm-none-eabi/10.3.1/../../../../arm-none-eabi/lib/thumb/v7e-m+fp/hard\libc_nano.a(lib_a-init.o)
__libc_fini_array                                 c:/progra~2/gnuarm~1/102021~1.07/bin/../lib/gcc/arm-none-eabi/10.3.1/../../../../arm-none-eabi/lib/thumb/v7e-m+fp/hard/crt0.o
__libc_init_array                                 c:/progra~2/gnuarm~1/102021~1.07/bin/../lib/gcc/arm-none-eabi/10.3.1/../../../../arm-none-eabi/lib/thumb/v7e-m+fp/hard\libc_nano.a(lib_a-init.o)
                                                  CMakeFiles/DEMO.elf.dir/startup_stm32f407xx.s.obj
                                                  c:/progra~2/gnuarm~1/102021~1.07/bin/../lib/gcc/arm-none-eabi/10.3.1/../../../../arm-none-eabi/lib/thumb/v7e-m+fp/hard/crt0.o
__preinit_array_end                               c:/progra~2/gnuarm~1/102021~1.07/bin/../lib/gcc/arm-none-eabi/10.3.1/../../../../arm-none-eabi/lib/thumb/v7e-m+fp/hard\libc_nano.a(lib_a-init.o)
__preinit_array_start                             c:/progra~2/gnuarm~1/102021~1.07/bin/../lib/gcc/arm-none-eabi/10.3.1/../../../../arm-none-eabi/lib/thumb/v7e-m+fp/hard\libc_nano.a(lib_a-init.o)
__register_frame_info                             c:/progra~2/gnuarm~1/102021~1.07/bin/../lib/gcc/arm-none-eabi/10.3.1/thumb/v7e-m+fp/hard/crtbegin.o
__sf_fake_stderr                                  c:/progra~2/gnuarm~1/102021~1.07/bin/../lib/gcc/arm-none-eabi/10.3.1/../../../../arm-none-eabi/lib/thumb/v7e-m+fp/hard\libc_nano.a(lib_a-impure.o)
__sf_fake_stdin                                   c:/progra~2/gnuarm~1/102021~1.07/bin/../lib/gcc/arm-none-eabi/10.3.1/../../../../arm-none-eabi/lib/thumb/v7e-m+fp/hard\libc_nano.a(lib_a-impure.o)
__sf_fake_stdout                                  c:/progra~2/gnuarm~1/102021~1.07/bin/../lib/gcc/arm-none-eabi/10.3.1/../../../../arm-none-eabi/lib/thumb/v7e-m+fp/hard\libc_nano.a(lib_a-impure.o)
__stack                                           c:/progra~2/gnuarm~1/102021~1.07/bin/../lib/gcc/arm-none-eabi/10.3.1/../../../../arm-none-eabi/lib/thumb/v7e-m+fp/hard/crt0.o
__udivmoddi4                                      c:/progra~2/gnuarm~1/102021~1.07/bin/../lib/gcc/arm-none-eabi/10.3.1/thumb/v7e-m+fp/hard\libgcc.a(_udivmoddi4.o)
                                                  c:/progra~2/gnuarm~1/102021~1.07/bin/../lib/gcc/arm-none-eabi/10.3.1/thumb/v7e-m+fp/hard\libgcc.a(_aeabi_uldivmod.o)
_ebss                                             CMakeFiles/DEMO.elf.dir/startup_stm32f407xx.s.obj
_edata                                            CMakeFiles/DEMO.elf.dir/startup_stm32f407xx.s.obj
_estack                                           CMakeFiles/DEMO.elf.dir/startup_stm32f407xx.s.obj
_exit                                             c:/progra~2/gnuarm~1/102021~1.07/bin/../lib/gcc/arm-none-eabi/10.3.1/../../../../arm-none-eabi/lib/thumb/v7e-m+fp/hard\libnosys.a(_exit.o)
                                                  c:/progra~2/gnuarm~1/102021~1.07/bin/../lib/gcc/arm-none-eabi/10.3.1/../../../../arm-none-eabi/lib/thumb/v7e-m+fp/hard\libc_nano.a(lib_a-exit.o)
_fini                                             c:/progra~2/gnuarm~1/102021~1.07/bin/../lib/gcc/arm-none-eabi/10.3.1/thumb/v7e-m+fp/hard/crti.o
_global_impure_ptr                                c:/progra~2/gnuarm~1/102021~1.07/bin/../lib/gcc/arm-none-eabi/10.3.1/../../../../arm-none-eabi/lib/thumb/v7e-m+fp/hard\libc_nano.a(lib_a-impure.o)
                                                  c:/progra~2/gnuarm~1/102021~1.07/bin/../lib/gcc/arm-none-eabi/10.3.1/../../../../arm-none-eabi/lib/thumb/v7e-m+fp/hard\libc_nano.a(lib_a-exit.o)
_impure_ptr                                       c:/progra~2/gnuarm~1/102021~1.07/bin/../lib/gcc/arm-none-eabi/10.3.1/../../../../arm-none-eabi/lib/thumb/v7e-m+fp/hard\libc_nano.a(lib_a-impure.o)
_init                                             c:/progra~2/gnuarm~1/102021~1.07/bin/../lib/gcc/arm-none-eabi/10.3.1/thumb/v7e-m+fp/hard/crti.o
                                                  c:/progra~2/gnuarm~1/102021~1.07/bin/../lib/gcc/arm-none-eabi/10.3.1/../../../../arm-none-eabi/lib/thumb/v7e-m+fp/hard\libc_nano.a(lib_a-init.o)
_mainCRTStartup                                   c:/progra~2/gnuarm~1/102021~1.07/bin/../lib/gcc/arm-none-eabi/10.3.1/../../../../arm-none-eabi/lib/thumb/v7e-m+fp/hard/crt0.o
_sbss                                             CMakeFiles/DEMO.elf.dir/startup_stm32f407xx.s.obj
_sdata                                            CMakeFiles/DEMO.elf.dir/startup_stm32f407xx.s.obj
_sidata                                           CMakeFiles/DEMO.elf.dir/startup_stm32f407xx.s.obj
_stack_init                                       c:/progra~2/gnuarm~1/102021~1.07/bin/../lib/gcc/arm-none-eabi/10.3.1/../../../../arm-none-eabi/lib/thumb/v7e-m+fp/hard/crt0.o
_start                                            c:/progra~2/gnuarm~1/102021~1.07/bin/../lib/gcc/arm-none-eabi/10.3.1/../../../../arm-none-eabi/lib/thumb/v7e-m+fp/hard/crt0.o
atexit                                            c:/progra~2/gnuarm~1/102021~1.07/bin/../lib/gcc/arm-none-eabi/10.3.1/../../../../arm-none-eabi/lib/thumb/v7e-m+fp/hard/crt0.o
exit                                              c:/progra~2/gnuarm~1/102021~1.07/bin/../lib/gcc/arm-none-eabi/10.3.1/../../../../arm-none-eabi/lib/thumb/v7e-m+fp/hard\libc_nano.a(lib_a-exit.o)
                                                  c:/progra~2/gnuarm~1/102021~1.07/bin/../lib/gcc/arm-none-eabi/10.3.1/../../../../arm-none-eabi/lib/thumb/v7e-m+fp/hard/crt0.o
g_pfnVectors                                      CMakeFiles/DEMO.elf.dir/startup_stm32f407xx.s.obj
hardware_init_hook                                c:/progra~2/gnuarm~1/102021~1.07/bin/../lib/gcc/arm-none-eabi/10.3.1/../../../../arm-none-eabi/lib/thumb/v7e-m+fp/hard/crt0.o
huart1                                            CMakeFiles/DEMO.elf.dir/Core/Src/usart.c.obj
main                                              CMakeFiles/DEMO.elf.dir/Core/Src/main.c.obj
                                                  CMakeFiles/DEMO.elf.dir/startup_stm32f407xx.s.obj
                                                  c:/progra~2/gnuarm~1/102021~1.07/bin/../lib/gcc/arm-none-eabi/10.3.1/../../../../arm-none-eabi/lib/thumb/v7e-m+fp/hard/crt0.o
memset                                            c:/progra~2/gnuarm~1/102021~1.07/bin/../lib/gcc/arm-none-eabi/10.3.1/../../../../arm-none-eabi/lib/thumb/v7e-m+fp/hard\libc_nano.a(lib_a-memset.o)
                                                  CMakeFiles/DEMO.elf.dir/Core/Src/main.c.obj
                                                  c:/progra~2/gnuarm~1/102021~1.07/bin/../lib/gcc/arm-none-eabi/10.3.1/../../../../arm-none-eabi/lib/thumb/v7e-m+fp/hard/crt0.o
software_init_hook                                c:/progra~2/gnuarm~1/102021~1.07/bin/../lib/gcc/arm-none-eabi/10.3.1/../../../../arm-none-eabi/lib/thumb/v7e-m+fp/hard/crt0.o
uwTick                                            Drivers\STM32F4xx_HAL_Driver\libstm32f4xx_hal.a(stm32f4xx_hal.c.obj)
uwTickFreq                                        Drivers\STM32F4xx_HAL_Driver\libstm32f4xx_hal.a(stm32f4xx_hal.c.obj)
uwTickPrio                                        Drivers\STM32F4xx_HAL_Driver\libstm32f4xx_hal.a(stm32f4xx_hal.c.obj)
                                                  Drivers\STM32F4xx_HAL_Driver\libstm32f4xx_hal.a(stm32f4xx_hal_rcc.c.obj)
